#
# There is insufficient memory for the Java Runtime Environment to continue.
# Native memory allocation (malloc) failed to allocate 1452896 bytes. Error detail: Chunk::new
# Possible reasons:
#   The system is out of physical RAM or swap space
#   This process is running with CompressedOops enabled, and the Java Heap may be blocking the growth of the native heap
# Possible solutions:
#   Reduce memory load on the system
#   Increase physical memory or swap space
#   Check if swap backing store is full
#   Decrease Java heap size (-Xmx/-Xms)
#   Decrease number of Java threads
#   Decrease Java thread stack sizes (-Xss)
#   Set larger code cache with -XX:ReservedCodeCacheSize=
#   JVM is running with Unscaled Compressed Oops mode in which the Java heap is
#     placed in the first 4GB address space. The Java Heap base address is the
#     maximum limit for the native heap growth. Please use -XX:HeapBaseMinAddress
#     to set the Java Heap base and to place the Java Heap above 4GB virtual address.
# This output file may be truncated or incomplete.
#
#  Out of Memory Error (arena.cpp:168), pid=4876, tid=1120
#
# JRE version: OpenJDK Runtime Environment Temurin-21.0.12.1+1 (21.0.12.1+1) (build 21.0.12.1+1-LTS)
# Java VM: OpenJDK 64-Bit Server VM Temurin-21.0.12.1+1 (21.0.12.1+1-LTS, mixed mode, sharing, tiered, compressed oops, compressed class ptrs, parallel gc, windows-amd64)
# No core dump will be written. Minidumps are not enabled by default on client versions of Windows
#

---------------  S U M M A R Y ------------

Command Line: --add-modules=ALL-SYSTEM --add-opens=java.base/java.util=ALL-UNNAMED --add-opens=java.base/java.lang=ALL-UNNAMED --add-opens=java.base/sun.nio.fs=ALL-UNNAMED -Declipse.application=org.eclipse.jdt.ls.core.id1 -Dosgi.bundles.defaultStartLevel=4 -Declipse.product=org.eclipse.jdt.ls.core.product -Djava.import.generatesMetadataFilesAtProjectRoot=false -Dm2e.project.cache.size=50 -DDetectVMInstallationsJob.disabled=true -Dfile.encoding=utf8 -XX:+UseParallelGC -XX:GCTimeRatio=4 -XX:AdaptiveSizePolicyWeight=90 -Dsun.zip.disableMemoryMapping=true -Xmx2G -Xms100m -Xlog:disable -javaagent:c:\Users\win10\.vscode\extensions\redhat.java-1.56.0-win32-x64\lombok\lombok-1.18.39-4050.jar -XX:+HeapDumpOnOutOfMemoryError -XX:HeapDumpPath=c:\Users\win10\AppData\Roaming\Code\User\workspaceStorage\38317394b109eaed1b6c2086ef165b9b\redhat.java -Daether.dependencyCollector.impl=bf c:\Users\win10\.vscode\extensions\redhat.java-1.56.0-win32-x64\server\plugins\org.eclipse.equinox.launcher_1.8.0.v20260804-1928.jar -configuration c:\Users\win10\AppData\Roaming\Code\User\globalStorage\redhat.java\1.56.0\config_win -data c:\Users\win10\AppData\Roaming\Code\User\workspaceStorage\38317394b109eaed1b6c2086ef165b9b\redhat.java\jdt_ws --stdio

Host: Intel(R) Core(TM) i5-7200U CPU @ 2.50GHz, 4 cores, 7G,  Windows 10 , 64 bit Build 19041 (10.0.19041.5915)
Time: Thu Sep 10 14:56:36 2026 SE Asia Standard Time elapsed time: 197.367390 seconds (0d 0h 3m 17s)

---------------  T H R E A D  ---------------

Current thread (0x00000210e06326d0):  JavaThread "C2 CompilerThread0" daemon [_thread_in_native, id=1120, stack(0x0000007013000000,0x0000007013100000) (1024K)]


Current CompileTask:
C2:197367 13307   !   4       org.eclipse.jdt.internal.core.search.indexing.BinaryIndexer::indexDocument (1172 bytes)

Stack: [0x0000007013000000,0x0000007013100000]
Native frames: (J=compiled Java code, j=interpreted, Vv=VM code, C=native code)
V  [jvm.dll+0x6d83e9]
V  [jvm.dll+0x8b5736]
V  [jvm.dll+0x8b7cee]
V  [jvm.dll+0x8b83d3]
V  [jvm.dll+0x284596]
V  [jvm.dll+0xc685d]
V  [jvm.dll+0xc6da1]
V  [jvm.dll+0x2fb5ae]
V  [jvm.dll+0x5fee94]
V  [jvm.dll+0x255d67]
V  [jvm.dll+0x25612d]
V  [jvm.dll+0x24e6a0]
V  [jvm.dll+0x24bbe6]
V  [jvm.dll+0x1cb4ae]
V  [jvm.dll+0x25baad]
V  [jvm.dll+0x25a03a]
V  [jvm.dll+0x3f8aae]
V  [jvm.dll+0x8600cd]
V  [jvm.dll+0x6d6c1d]
C  [ucrtbase.dll+0x21bb2]
C  [KERNEL32.DLL+0x17374]
C  [ntdll.dll+0x4cc91]


---------------  P R O C E S S  ---------------

Threads class SMR info:
_java_thread_list=0x00000210e9c81c50, length=60, elements={
0x00000210c9c42750, 0x00000210e0629e10, 0x00000210e062b4c0, 0x00000210e062c3e0,
0x00000210e062d300, 0x00000210e0630ee0, 0x00000210e0631940, 0x00000210e06326d0,
0x00000210e06a6540, 0x00000210e13cd400, 0x00000210e1519eb0, 0x00000210e19ad160,
0x00000210e186f370, 0x00000210e14b12c0, 0x00000210e14b0310, 0x00000210e1da72a0,
0x00000210e66d22f0, 0x00000210e1ac69a0, 0x00000210e64f2e40, 0x00000210e64f34d0,
0x00000210e64f3b60, 0x00000210e64f2120, 0x00000210e64f55a0, 0x00000210e87d16f0,
0x00000210e87d37c0, 0x00000210e87d09d0, 0x00000210e87cfcb0, 0x00000210e87cef90,
0x00000210e87ccec0, 0x00000210e87d2410, 0x00000210e87d1d80, 0x00000210e87ce270,
0x00000210e87d3130, 0x00000210e87d2aa0, 0x00000210e87d3e50, 0x00000210e87ce900,
0x00000210e87cdbe0, 0x00000210e87cf620, 0x00000210ea00e5a0, 0x00000210ea012740,
0x00000210ea00d880, 0x00000210ea011390, 0x00000210ea012dd0, 0x00000210ea00ec30,
0x00000210ea0120b0, 0x00000210ea014ea0, 0x00000210ea013460, 0x00000210ea00ffe0,
0x00000210ea010670, 0x00000210ea010d00, 0x00000210ea00df10, 0x00000210ea011a20,
0x00000210e87cc830, 0x00000210e64f41f0, 0x00000210e64f4f10, 0x00000210e64f4880,
0x00000210ea014810, 0x00000210ea00f2c0, 0x00000210e87cd550, 0x00000210ea00f950
}

Java Threads: ( => current thread )
  0x00000210c9c42750 JavaThread "main"                              [_thread_blocked, id=16168, stack(0x0000007012600000,0x0000007012700000) (1024K)]
  0x00000210e0629e10 JavaThread "Reference Handler"          daemon [_thread_blocked, id=3476, stack(0x0000007012a00000,0x0000007012b00000) (1024K)]
  0x00000210e062b4c0 JavaThread "Finalizer"                  daemon [_thread_blocked, id=4848, stack(0x0000007012b00000,0x0000007012c00000) (1024K)]
  0x00000210e062c3e0 JavaThread "Signal Dispatcher"          daemon [_thread_blocked, id=14656, stack(0x0000007012c00000,0x0000007012d00000) (1024K)]
  0x00000210e062d300 JavaThread "Attach Listener"            daemon [_thread_blocked, id=15828, stack(0x0000007012d00000,0x0000007012e00000) (1024K)]
  0x00000210e0630ee0 JavaThread "Service Thread"             daemon [_thread_blocked, id=2196, stack(0x0000007012e00000,0x0000007012f00000) (1024K)]
  0x00000210e0631940 JavaThread "Monitor Deflation Thread"   daemon [_thread_blocked, id=14128, stack(0x0000007012f00000,0x0000007013000000) (1024K)]
=>0x00000210e06326d0 JavaThread "C2 CompilerThread0"         daemon [_thread_in_native, id=1120, stack(0x0000007013000000,0x0000007013100000) (1024K)]
  0x00000210e06a6540 JavaThread "C1 CompilerThread0"         daemon [_thread_blocked, id=2460, stack(0x0000007013100000,0x0000007013200000) (1024K)]
  0x00000210e13cd400 JavaThread "Common-Cleaner"             daemon [_thread_blocked, id=8432, stack(0x0000007013200000,0x0000007013300000) (1024K)]
  0x00000210e1519eb0 JavaThread "Notification Thread"        daemon [_thread_blocked, id=7308, stack(0x0000007013300000,0x0000007013400000) (1024K)]
  0x00000210e19ad160 JavaThread "Active Thread: Equinox Container: d053d24e-9213-43e5-a6af-d4ecc8d06794"        [_thread_blocked, id=4184, stack(0x0000007013700000,0x0000007013800000) (1024K)]
  0x00000210e186f370 JavaThread "Refresh Thread: Equinox Container: d053d24e-9213-43e5-a6af-d4ecc8d06794" daemon [_thread_blocked, id=14100, stack(0x0000007013800000,0x0000007013900000) (1024K)]
  0x00000210e14b12c0 JavaThread "Framework Event Dispatcher: Equinox Container: d053d24e-9213-43e5-a6af-d4ecc8d06794" daemon [_thread_blocked, id=15948, stack(0x0000007013900000,0x0000007013a00000) (1024K)]
  0x00000210e14b0310 JavaThread "Start Level: Equinox Container: d053d24e-9213-43e5-a6af-d4ecc8d06794" daemon [_thread_blocked, id=5284, stack(0x0000007013a00000,0x0000007013b00000) (1024K)]
  0x00000210e1da72a0 JavaThread "Bundle File Closer"         daemon [_thread_blocked, id=12088, stack(0x0000007013b00000,0x0000007013c00000) (1024K)]
  0x00000210e66d22f0 JavaThread "SCR Component Actor"        daemon [_thread_blocked, id=6788, stack(0x0000007013c00000,0x0000007013d00000) (1024K)]
  0x00000210e1ac69a0 JavaThread "Worker-JM"                         [_thread_blocked, id=7076, stack(0x0000007013d00000,0x0000007013e00000) (1024K)]
  0x00000210e64f2e40 JavaThread "JNA Cleaner"                daemon [_thread_blocked, id=15092, stack(0x0000007013e00000,0x0000007013f00000) (1024K)]
  0x00000210e64f34d0 JavaThread "Worker-2"                          [_thread_blocked, id=5664, stack(0x0000007014100000,0x0000007014200000) (1024K)]
  0x00000210e64f3b60 JavaThread "Worker-3: Check JDK Index"         [_thread_blocked, id=4780, stack(0x0000007014200000,0x0000007014300000) (1024K)]
  0x00000210e64f2120 JavaThread "Java indexing"              daemon [_thread_in_native, id=16156, stack(0x0000007014500000,0x0000007014600000) (1024K)]
  0x00000210e64f55a0 JavaThread "Worker-5"                          [_thread_blocked, id=13660, stack(0x0000007014600000,0x0000007014700000) (1024K)]
  0x00000210e87d16f0 JavaThread "pool-2-thread-1"                   [_thread_blocked, id=11244, stack(0x0000007014900000,0x0000007014a00000) (1024K)]
  0x00000210e87d37c0 JavaThread "Timer-0"                           [_thread_blocked, id=6768, stack(0x0000007014a00000,0x0000007014b00000) (1024K)]
  0x00000210e87d09d0 JavaThread "Timer-1"                           [_thread_blocked, id=13024, stack(0x0000007014b00000,0x0000007014c00000) (1024K)]
  0x00000210e87cfcb0 JavaThread "WorkspaceEventsHandler"            [_thread_blocked, id=3648, stack(0x0000007014c00000,0x0000007014d00000) (1024K)]
  0x00000210e87cef90 JavaThread "pool-1-thread-1"                   [_thread_blocked, id=10100, stack(0x0000007014d00000,0x0000007014e00000) (1024K)]
  0x00000210e87ccec0 JavaThread "LocalFile Deleter"          daemon [_thread_blocked, id=12564, stack(0x0000007014f00000,0x0000007015000000) (1024K)]
  0x00000210e87d2410 JavaThread "LocalFile Deleter"          daemon [_thread_blocked, id=14296, stack(0x0000007015000000,0x0000007015100000) (1024K)]
  0x00000210e87d1d80 JavaThread "Compiler Source File Reader" daemon [_thread_blocked, id=7564, stack(0x0000007015200000,0x0000007015300000) (1024K)]
  0x00000210e87ce270 JavaThread "Compiler Source File Reader" daemon [_thread_blocked, id=11464, stack(0x0000007015300000,0x0000007015400000) (1024K)]
  0x00000210e87d3130 JavaThread "Timer-2"                           [_thread_blocked, id=13392, stack(0x0000007014e00000,0x0000007014f00000) (1024K)]
  0x00000210e87d2aa0 JavaThread "Compiler Class File Writer" daemon [_thread_blocked, id=6592, stack(0x0000007015500000,0x0000007015600000) (1024K)]
  0x00000210e87d3e50 JavaThread "Compiler Class File Writer" daemon [_thread_blocked, id=7848, stack(0x0000007015600000,0x0000007015700000) (1024K)]
  0x00000210e87ce900 JavaThread "Timer-3"                           [_thread_blocked, id=9488, stack(0x0000007015700000,0x0000007015800000) (1024K)]
  0x00000210e87cdbe0 JavaThread "Timer-4"                           [_thread_blocked, id=10924, stack(0x0000007015800000,0x0000007015900000) (1024K)]
  0x00000210e87cf620 JavaThread "Thread-10"                  daemon [_thread_in_native, id=6432, stack(0x0000007012500000,0x0000007012600000) (1024K)]
  0x00000210ea00e5a0 JavaThread "Thread-11"                  daemon [_thread_in_native, id=13624, stack(0x0000007015c00000,0x0000007015d00000) (1024K)]
  0x00000210ea012740 JavaThread "Thread-12"                  daemon [_thread_in_native, id=10772, stack(0x0000007015d00000,0x0000007015e00000) (1024K)]
  0x00000210ea00d880 JavaThread "Thread-13"                  daemon [_thread_in_native, id=14432, stack(0x0000007015e00000,0x0000007015f00000) (1024K)]
  0x00000210ea011390 JavaThread "Thread-14"                  daemon [_thread_in_native, id=13036, stack(0x0000007015f00000,0x0000007016000000) (1024K)]
  0x00000210ea012dd0 JavaThread "pool-4-thread-1"                   [_thread_blocked, id=9684, stack(0x0000007016000000,0x0000007016100000) (1024K)]
  0x00000210ea00ec30 JavaThread "Timer-5"                           [_thread_blocked, id=6524, stack(0x0000007012400000,0x0000007012500000) (1024K)]
  0x00000210ea0120b0 JavaThread "Timer-6"                           [_thread_blocked, id=14004, stack(0x0000007013f00000,0x0000007014000000) (1024K)]
  0x00000210ea014ea0 JavaThread "Timer-7"                           [_thread_blocked, id=9528, stack(0x0000007014300000,0x0000007014400000) (1024K)]
  0x00000210ea013460 JavaThread "Timer-8"                           [_thread_blocked, id=12884, stack(0x0000007014700000,0x0000007014800000) (1024K)]
  0x00000210ea00ffe0 JavaThread "Timer-9"                           [_thread_blocked, id=11884, stack(0x0000007015100000,0x0000007015200000) (1024K)]
  0x00000210ea010670 JavaThread "Timer-10"                          [_thread_blocked, id=13708, stack(0x0000007015400000,0x0000007015500000) (1024K)]
  0x00000210ea010d00 JavaThread "Timer-11"                          [_thread_blocked, id=15992, stack(0x0000007015b00000,0x0000007015c00000) (1024K)]
  0x00000210ea00df10 JavaThread "LocalFile Deleter"          daemon [_thread_blocked, id=8228, stack(0x0000007016100000,0x0000007016200000) (1024K)]
  0x00000210ea011a20 JavaThread "LocalFile Deleter"          daemon [_thread_blocked, id=4328, stack(0x0000007016200000,0x0000007016300000) (1024K)]
  0x00000210e87cc830 JavaThread "Worker-7"                          [_thread_blocked, id=13028, stack(0x0000007014000000,0x0000007014100000) (1024K)]
  0x00000210e64f41f0 JavaThread "Worker-8: Java indexing... "        [_thread_blocked, id=10108, stack(0x0000007016300000,0x0000007016400000) (1024K)]
  0x00000210e64f4f10 JavaThread "Worker-9"                          [_thread_blocked, id=4412, stack(0x0000007016400000,0x0000007016500000) (1024K)]
  0x00000210e64f4880 JavaThread "ForkJoinPool.commonPool-worker-1" daemon [_thread_blocked, id=13504, stack(0x0000007014400000,0x0000007014500000) (1024K)]
  0x00000210ea014810 JavaThread "ForkJoinPool.commonPool-worker-2" daemon [_thread_blocked, id=7616, stack(0x0000007016500000,0x0000007016600000) (1024K)]
  0x00000210ea00f2c0 JavaThread "ForkJoinPool.commonPool-worker-3" daemon [_thread_blocked, id=4524, stack(0x0000007016600000,0x0000007016700000) (1024K)]
  0x00000210e87cd550 JavaThread "Worker-10"                         [_thread_blocked, id=7808, stack(0x0000007016700000,0x0000007016800000) (1024K)]
  0x00000210ea00f950 JavaThread "Compiler Processing Task"   daemon [_thread_blocked, id=9636, stack(0x0000007015900000,0x0000007015a00000) (1024K)]
Total: 60

Other Threads:
  0x00000210c9d03150 VMThread "VM Thread"                           [id=11656, stack(0x0000007012900000,0x0000007012a00000) (1024K)]
  0x00000210c9cafa60 WatcherThread "VM Periodic Task Thread"        [id=14964, stack(0x0000007012800000,0x0000007012900000) (1024K)]
  0x00000210c9c5f8d0 WorkerThread "GC Thread#0"                     [id=7892, stack(0x0000007012700000,0x0000007012800000) (1024K)]
  0x00000210e1a98410 WorkerThread "GC Thread#1"                     [id=14172, stack(0x0000007013400000,0x0000007013500000) (1024K)]
  0x00000210e16ba790 WorkerThread "GC Thread#2"                     [id=16028, stack(0x0000007013500000,0x0000007013600000) (1024K)]
  0x00000210e16bab40 WorkerThread "GC Thread#3"                     [id=15704, stack(0x0000007013600000,0x0000007013700000) (1024K)]
Total: 6

Threads with active compile tasks:
C2 CompilerThread0  201351 13307   !   4       org.eclipse.jdt.internal.core.search.indexing.BinaryIndexer::indexDocument (1172 bytes)
Total: 1

VM state: not at safepoint (normal execution)

VM Mutex/Monitor currently owned by a thread: None

Heap address: 0x0000000080000000, size: 2048 MB, Compressed Oops mode: 32-bit

CDS archive(s) mapped at: [0x0000021080000000-0x0000021080ba0000-0x0000021080ba0000), size 12189696, SharedBaseAddress: 0x0000021080000000, ArchiveRelocationMode: 1.
Compressed class space mapped at: 0x0000021081000000-0x00000210c1000000, reserved size: 1073741824
Narrow klass base: 0x0000021080000000, Narrow klass shift: 0, Narrow klass range: 0x100000000

GC Precious Log:
 CardTable entry size: 512
 CPUs: 4 total, 4 available
 Memory: 8075M
 Large Page Support: Disabled
 NUMA Support: Disabled
 Compressed Oops: Enabled (32-bit)
 Alignments: Space 512K, Generation 512K, Heap 2M
 Heap Min Capacity: 100M
 Heap Initial Capacity: 100M
 Heap Max Capacity: 2G
 Pre-touch: Disabled
 Parallel Workers: 4

Heap:
 PSYoungGen      total 3072K, used 338K [0x00000000d5580000, 0x00000000d5a00000, 0x0000000100000000)
  eden space 2560K, 1% used [0x00000000d5580000,0x00000000d558cb48,0x00000000d5800000)
  from space 512K, 56% used [0x00000000d5900000,0x00000000d5948000,0x00000000d5980000)
  to   space 512K, 0% used [0x00000000d5980000,0x00000000d5980000,0x00000000d5a00000)
 ParOldGen       total 172544K, used 172051K [0x0000000080000000, 0x000000008a880000, 0x00000000d5580000)
  object space 172544K, 99% used [0x0000000080000000,0x000000008a804f98,0x000000008a880000)
 Metaspace       used 82019K, committed 83712K, reserved 1179648K
  class space    used 9790K, committed 10560K, reserved 1048576K

Card table byte_map: [0x00000210c9620000,0x00000210c9a30000] _byte_map_base: 0x00000210c9220000

Marking Bits: (ParMarkBitMap*) 0x00007ffb754c44a0
 Begin Bits: [0x00000210dc100000, 0x00000210de100000)
 End Bits:   [0x00000210de100000, 0x00000210e0100000)

Polling page: 0x00000210c9410000

Metaspace:

Usage:
  Non-class:     70.54 MB used.
      Class:      9.56 MB used.
       Both:     80.10 MB used.

Virtual space:
  Non-class space:      128.00 MB reserved,      71.44 MB ( 56%) committed,  2 nodes.
      Class space:        1.00 GB reserved,      10.31 MB (  1%) committed,  1 nodes.
             Both:        1.12 GB reserved,      81.75 MB (  7%) committed. 

Chunk freelists:
   Non-Class:  8.08 MB
       Class:  5.56 MB
        Both:  13.64 MB

MaxMetaspaceSize: unlimited
CompressedClassSpaceSize: 1.00 GB
Initial GC threshold: 21.00 MB
Current GC threshold: 97.31 MB
CDS: on
 - commit_granule_bytes: 65536.
 - commit_granule_words: 8192.
 - virtual_space_node_default_size: 8388608.
 - enlarge_chunks_in_place: 1.
 - use_allocation_guard: 0.


Internal statistics:

num_allocs_failed_limit: 11.
num_arena_births: 1528.
num_arena_deaths: 22.
num_vsnodes_births: 3.
num_vsnodes_deaths: 0.
num_space_committed: 1308.
num_space_uncommitted: 0.
num_chunks_returned_to_freelist: 35.
num_chunks_taken_from_freelist: 5445.
num_chunk_merges: 15.
num_chunk_splits: 3332.
num_chunks_enlarged: 1879.
num_inconsistent_stats: 0.

CodeHeap 'non-profiled nmethods': size=120000Kb used=10026Kb max_used=10026Kb free=109973Kb
 bounds [0x00000210d4920000, 0x00000210d52f0000, 0x00000210dbe50000]
CodeHeap 'profiled nmethods': size=120000Kb used=28678Kb max_used=28678Kb free=91321Kb
 bounds [0x00000210cce50000, 0x00000210cea60000, 0x00000210d4380000]
CodeHeap 'non-nmethods': size=5760Kb used=1453Kb max_used=1539Kb free=4306Kb
 bounds [0x00000210d4380000, 0x00000210d45f0000, 0x00000210d4920000]
CodeCache: size=245760Kb, used=40157Kb, max_used=40243Kb, free=205600Kb
 total_blobs=13349, nmethods=12576, adapters=678, full_count=0
Compilation: enabled, stopped_count=0, restarted_count=0

Compilation events (20 events):
Event: 196.992 Thread 0x00000210e06a6540 13320       3       java.nio.CharBuffer::charAt (16 bytes)
Event: 196.992 Thread 0x00000210e06a6540 nmethod 13320 0x00000210cea16190 code [0x00000210cea16340, 0x00000210cea165e0]
Event: 196.992 Thread 0x00000210e06a6540 13323       3       java.nio.HeapCharBuffer::get (15 bytes)
Event: 196.992 Thread 0x00000210e06a6540 nmethod 13323 0x00000210cea16710 code [0x00000210cea168c0, 0x00000210cea16b20]
Event: 196.992 Thread 0x00000210e06a6540 13324       3       java.nio.HeapCharBuffer::ix (7 bytes)
Event: 196.993 Thread 0x00000210e06a6540 nmethod 13324 0x00000210cea16c90 code [0x00000210cea16e20, 0x00000210cea16f30]
Event: 197.009 Thread 0x00000210e06a6540 13329   !   3       java.io.PrintStream::flush (60 bytes)
Event: 197.010 Thread 0x00000210e06a6540 nmethod 13329 0x00000210cea16f90 code [0x00000210cea172a0, 0x00000210cea18400]
Event: 197.011 Thread 0x00000210e06a6540 13330   !   3       java.io.PrintStream::implFlush (21 bytes)
Event: 197.011 Thread 0x00000210e8d623f0 13318       4       java.util.regex.Pattern$Slice::match (79 bytes)
Event: 197.011 Thread 0x00000210e06a6540 nmethod 13330 0x00000210cea18b90 code [0x00000210cea18d80, 0x00000210cea19158]
Event: 197.016 Thread 0x00000210e8d623f0 nmethod 13318 0x00000210d52ddf10 code [0x00000210d52de0c0, 0x00000210d52de470]
Event: 197.016 Thread 0x00000210e8d623f0 13328       4       java.util.regex.Matcher::reset (128 bytes)
Event: 197.024 Thread 0x00000210e8d623f0 nmethod 13328 0x00000210d52de790 code [0x00000210d52de940, 0x00000210d52dec58]
Event: 197.024 Thread 0x00000210e8d623f0 13326       4       java.util.regex.Pattern$$Lambda/0x800000031::is (13 bytes)
Event: 197.026 Thread 0x00000210e8d623f0 nmethod 13326 0x00000210d52dee90 code [0x00000210d52df040, 0x00000210d52df1d0]
Event: 197.026 Thread 0x00000210e8d623f0 13325       4       java.nio.Buffer::checkIndex (12 bytes)
Event: 197.026 Thread 0x00000210e8d623f0 nmethod 13325 0x00000210d52df390 code [0x00000210d52df520, 0x00000210d52df5f0]
Event: 197.089 Thread 0x00000210e8d623f0 13331       4       org.eclipse.jdt.internal.compiler.classfmt.FieldInfo::getName (49 bytes)
Event: 197.089 Thread 0x00000210e06a6540 13332       3       org.eclipse.jdt.internal.core.search.indexing.AbstractIndexer::addDefaultConstructorDeclaration (21 bytes)

GC Heap History (20 events):
Event: 195.914 GC heap before
{Heap before GC invocations=344 (full 3):
 PSYoungGen      total 3072K, used 2912K [0x00000000d5580000, 0x00000000d5a00000, 0x0000000100000000)
  eden space 2560K, 100% used [0x00000000d5580000,0x00000000d5800000,0x00000000d5800000)
  from space 512K, 68% used [0x00000000d5980000,0x00000000d59d8000,0x00000000d5a00000)
  to   space 512K, 0% used [0x00000000d5900000,0x00000000d5900000,0x00000000d5980000)
 ParOldGen       total 158720K, used 158513K [0x0000000080000000, 0x0000000089b00000, 0x00000000d5580000)
  object space 158720K, 99% used [0x0000000080000000,0x0000000089acc638,0x0000000089b00000)
 Metaspace       used 81782K, committed 83520K, reserved 1179648K
  class space    used 9768K, committed 10560K, reserved 1048576K
}
Event: 195.917 GC heap after
{Heap after GC invocations=344 (full 3):
 PSYoungGen      total 3072K, used 400K [0x00000000d5580000, 0x00000000d5a00000, 0x0000000100000000)
  eden space 2560K, 0% used [0x00000000d5580000,0x00000000d5580000,0x00000000d5800000)
  from space 512K, 78% used [0x00000000d5900000,0x00000000d59641c8,0x00000000d5980000)
  to   space 512K, 0% used [0x00000000d5980000,0x00000000d5980000,0x00000000d5a00000)
 ParOldGen       total 159232K, used 158825K [0x0000000080000000, 0x0000000089b80000, 0x00000000d5580000)
  object space 159232K, 99% used [0x0000000080000000,0x0000000089b1a638,0x0000000089b80000)
 Metaspace       used 81782K, committed 83520K, reserved 1179648K
  class space    used 9768K, committed 10560K, reserved 1048576K
}
Event: 196.008 GC heap before
{Heap before GC invocations=345 (full 3):
 PSYoungGen      total 3072K, used 2960K [0x00000000d5580000, 0x00000000d5a00000, 0x0000000100000000)
  eden space 2560K, 100% used [0x00000000d5580000,0x00000000d5800000,0x00000000d5800000)
  from space 512K, 78% used [0x00000000d5900000,0x00000000d59641c8,0x00000000d5980000)
  to   space 512K, 0% used [0x00000000d5980000,0x00000000d5980000,0x00000000d5a00000)
 ParOldGen       total 159232K, used 158825K [0x0000000080000000, 0x0000000089b80000, 0x00000000d5580000)
  object space 159232K, 99% used [0x0000000080000000,0x0000000089b1a638,0x0000000089b80000)
 Metaspace       used 81791K, committed 83520K, reserved 1179648K
  class space    used 9770K, committed 10560K, reserved 1048576K
}
Event: 196.009 GC heap after
{Heap after GC invocations=345 (full 3):
 PSYoungGen      total 3072K, used 448K [0x00000000d5580000, 0x00000000d5a00000, 0x0000000100000000)
  eden space 2560K, 0% used [0x00000000d5580000,0x00000000d5580000,0x00000000d5800000)
  from space 512K, 87% used [0x00000000d5980000,0x00000000d59f0000,0x00000000d5a00000)
  to   space 512K, 0% used [0x00000000d5900000,0x00000000d5900000,0x00000000d5980000)
 ParOldGen       total 159232K, used 159113K [0x0000000080000000, 0x0000000089b80000, 0x00000000d5580000)
  object space 159232K, 99% used [0x0000000080000000,0x0000000089b62638,0x0000000089b80000)
 Metaspace       used 81791K, committed 83520K, reserved 1179648K
  class space    used 9770K, committed 10560K, reserved 1048576K
}
Event: 196.019 GC heap before
{Heap before GC invocations=346 (full 3):
 PSYoungGen      total 3072K, used 3005K [0x00000000d5580000, 0x00000000d5a00000, 0x0000000100000000)
  eden space 2560K, 99% used [0x00000000d5580000,0x00000000d57ff668,0x00000000d5800000)
  from space 512K, 87% used [0x00000000d5980000,0x00000000d59f0000,0x00000000d5a00000)
  to   space 512K, 0% used [0x00000000d5900000,0x00000000d5900000,0x00000000d5980000)
 ParOldGen       total 159232K, used 159113K [0x0000000080000000, 0x0000000089b80000, 0x00000000d5580000)
  object space 159232K, 99% used [0x0000000080000000,0x0000000089b62638,0x0000000089b80000)
 Metaspace       used 81791K, committed 83520K, reserved 1179648K
  class space    used 9770K, committed 10560K, reserved 1048576K
}
Event: 196.022 GC heap after
{Heap after GC invocations=346 (full 3):
 PSYoungGen      total 3072K, used 445K [0x00000000d5580000, 0x00000000d5a00000, 0x0000000100000000)
  eden space 2560K, 0% used [0x00000000d5580000,0x00000000d5580000,0x00000000d5800000)
  from space 512K, 87% used [0x00000000d5900000,0x00000000d596f6c0,0x00000000d5980000)
  to   space 512K, 0% used [0x00000000d5980000,0x00000000d5980000,0x00000000d5a00000)
 ParOldGen       total 159744K, used 159488K [0x0000000080000000, 0x0000000089c00000, 0x00000000d5580000)
  object space 159744K, 99% used [0x0000000080000000,0x0000000089bc0120,0x0000000089c00000)
 Metaspace       used 81791K, committed 83520K, reserved 1179648K
  class space    used 9770K, committed 10560K, reserved 1048576K
}
Event: 196.240 GC heap before
{Heap before GC invocations=347 (full 3):
 PSYoungGen      total 3072K, used 2988K [0x00000000d5580000, 0x00000000d5a00000, 0x0000000100000000)
  eden space 2560K, 99% used [0x00000000d5580000,0x00000000d57fbc98,0x00000000d5800000)
  from space 512K, 87% used [0x00000000d5900000,0x00000000d596f6c0,0x00000000d5980000)
  to   space 512K, 0% used [0x00000000d5980000,0x00000000d5980000,0x00000000d5a00000)
 ParOldGen       total 159744K, used 159488K [0x0000000080000000, 0x0000000089c00000, 0x00000000d5580000)
  object space 159744K, 99% used [0x0000000080000000,0x0000000089bc0120,0x0000000089c00000)
 Metaspace       used 81806K, committed 83520K, reserved 1179648K
  class space    used 9772K, committed 10560K, reserved 1048576K
}
Event: 196.242 GC heap after
{Heap after GC invocations=347 (full 3):
 PSYoungGen      total 3072K, used 462K [0x00000000d5580000, 0x00000000d5a00000, 0x0000000100000000)
  eden space 2560K, 0% used [0x00000000d5580000,0x00000000d5580000,0x00000000d5800000)
  from space 512K, 90% used [0x00000000d5980000,0x00000000d59f3878,0x00000000d5a00000)
  to   space 512K, 0% used [0x00000000d5900000,0x00000000d5900000,0x00000000d5980000)
 ParOldGen       total 160256K, used 159800K [0x0000000080000000, 0x0000000089c80000, 0x00000000d5580000)
  object space 160256K, 99% used [0x0000000080000000,0x0000000089c0e120,0x0000000089c80000)
 Metaspace       used 81806K, committed 83520K, reserved 1179648K
  class space    used 9772K, committed 10560K, reserved 1048576K
}
Event: 196.252 GC heap before
{Heap before GC invocations=348 (full 3):
 PSYoungGen      total 3072K, used 3022K [0x00000000d5580000, 0x00000000d5a00000, 0x0000000100000000)
  eden space 2560K, 100% used [0x00000000d5580000,0x00000000d5800000,0x00000000d5800000)
  from space 512K, 90% used [0x00000000d5980000,0x00000000d59f3878,0x00000000d5a00000)
  to   space 512K, 0% used [0x00000000d5900000,0x00000000d5900000,0x00000000d5980000)
 ParOldGen       total 160256K, used 159800K [0x0000000080000000, 0x0000000089c80000, 0x00000000d5580000)
  object space 160256K, 99% used [0x0000000080000000,0x0000000089c0e120,0x0000000089c80000)
 Metaspace       used 81806K, committed 83520K, reserved 1179648K
  class space    used 9772K, committed 10560K, reserved 1048576K
}
Event: 196.253 GC heap after
{Heap after GC invocations=348 (full 3):
 PSYoungGen      total 3072K, used 384K [0x00000000d5580000, 0x00000000d5a00000, 0x0000000100000000)
  eden space 2560K, 0% used [0x00000000d5580000,0x00000000d5580000,0x00000000d5800000)
  from space 512K, 75% used [0x00000000d5900000,0x00000000d5960000,0x00000000d5980000)
  to   space 512K, 0% used [0x00000000d5980000,0x00000000d5980000,0x00000000d5a00000)
 ParOldGen       total 160256K, used 160120K [0x0000000080000000, 0x0000000089c80000, 0x00000000d5580000)
  object space 160256K, 99% used [0x0000000080000000,0x0000000089c5e120,0x0000000089c80000)
 Metaspace       used 81806K, committed 83520K, reserved 1179648K
  class space    used 9772K, committed 10560K, reserved 1048576K
}
Event: 196.524 GC heap before
{Heap before GC invocations=349 (full 3):
 PSYoungGen      total 3072K, used 2944K [0x00000000d5580000, 0x00000000d5a00000, 0x0000000100000000)
  eden space 2560K, 100% used [0x00000000d5580000,0x00000000d5800000,0x00000000d5800000)
  from space 512K, 75% used [0x00000000d5900000,0x00000000d5960000,0x00000000d5980000)
  to   space 512K, 0% used [0x00000000d5980000,0x00000000d5980000,0x00000000d5a00000)
 ParOldGen       total 160256K, used 160120K [0x0000000080000000, 0x0000000089c80000, 0x00000000d5580000)
  object space 160256K, 99% used [0x0000000080000000,0x0000000089c5e120,0x0000000089c80000)
 Metaspace       used 81818K, committed 83584K, reserved 1179648K
  class space    used 9773K, committed 10560K, reserved 1048576K
}
Event: 196.525 GC heap after
{Heap after GC invocations=349 (full 3):
 PSYoungGen      total 3072K, used 504K [0x00000000d5580000, 0x00000000d5a00000, 0x0000000100000000)
  eden space 2560K, 0% used [0x00000000d5580000,0x00000000d5580000,0x00000000d5800000)
  from space 512K, 98% used [0x00000000d5980000,0x00000000d59fe008,0x00000000d5a00000)
  to   space 1024K, 0% used [0x00000000d5800000,0x00000000d5800000,0x00000000d5900000)
 ParOldGen       total 160768K, used 160424K [0x0000000080000000, 0x0000000089d00000, 0x00000000d5580000)
  object space 160768K, 99% used [0x0000000080000000,0x0000000089caa120,0x0000000089d00000)
 Metaspace       used 81818K, committed 83584K, reserved 1179648K
  class space    used 9773K, committed 10560K, reserved 1048576K
}
Event: 196.546 GC heap before
{Heap before GC invocations=350 (full 3):
 PSYoungGen      total 3072K, used 3064K [0x00000000d5580000, 0x00000000d5a00000, 0x0000000100000000)
  eden space 2560K, 100% used [0x00000000d5580000,0x00000000d5800000,0x00000000d5800000)
  from space 512K, 98% used [0x00000000d5980000,0x00000000d59fe008,0x00000000d5a00000)
  to   space 1024K, 0% used [0x00000000d5800000,0x00000000d5800000,0x00000000d5900000)
 ParOldGen       total 160768K, used 160424K [0x0000000080000000, 0x0000000089d00000, 0x00000000d5580000)
  object space 160768K, 99% used [0x0000000080000000,0x0000000089caa120,0x0000000089d00000)
 Metaspace       used 81818K, committed 83584K, reserved 1179648K
  class space    used 9773K, committed 10560K, reserved 1048576K
}
Event: 196.548 GC heap after
{Heap after GC invocations=350 (full 3):
 PSYoungGen      total 3584K, used 320K [0x00000000d5580000, 0x00000000d5a00000, 0x0000000100000000)
  eden space 2560K, 0% used [0x00000000d5580000,0x00000000d5580000,0x00000000d5800000)
  from space 1024K, 31% used [0x00000000d5800000,0x00000000d5850000,0x00000000d5900000)
  to   space 512K, 0% used [0x00000000d5980000,0x00000000d5980000,0x00000000d5a00000)
 ParOldGen       total 161280K, used 160908K [0x0000000080000000, 0x0000000089d80000, 0x00000000d5580000)
  object space 161280K, 99% used [0x0000000080000000,0x0000000089d23388,0x0000000089d80000)
 Metaspace       used 81818K, committed 83584K, reserved 1179648K
  class space    used 9773K, committed 10560K, reserved 1048576K
}
Event: 196.660 GC heap before
{Heap before GC invocations=351 (full 3):
 PSYoungGen      total 3584K, used 2880K [0x00000000d5580000, 0x00000000d5a00000, 0x0000000100000000)
  eden space 2560K, 100% used [0x00000000d5580000,0x00000000d5800000,0x00000000d5800000)
  from space 1024K, 31% used [0x00000000d5800000,0x00000000d5850000,0x00000000d5900000)
  to   space 512K, 0% used [0x00000000d5980000,0x00000000d5980000,0x00000000d5a00000)
 ParOldGen       total 161280K, used 160908K [0x0000000080000000, 0x0000000089d80000, 0x00000000d5580000)
  object space 161280K, 99% used [0x0000000080000000,0x0000000089d23388,0x0000000089d80000)
 Metaspace       used 81833K, committed 83584K, reserved 1179648K
  class space    used 9774K, committed 10560K, reserved 1048576K
}
Event: 196.662 GC heap after
{Heap after GC invocations=351 (full 3):
 PSYoungGen      total 3072K, used 486K [0x00000000d5580000, 0x00000000d5a00000, 0x0000000100000000)
  eden space 2560K, 0% used [0x00000000d5580000,0x00000000d5580000,0x00000000d5800000)
  from space 512K, 94% used [0x00000000d5980000,0x00000000d59f9978,0x00000000d5a00000)
  to   space 1024K, 0% used [0x00000000d5800000,0x00000000d5800000,0x00000000d5900000)
 ParOldGen       total 161280K, used 161164K [0x0000000080000000, 0x0000000089d80000, 0x00000000d5580000)
  object space 161280K, 99% used [0x0000000080000000,0x0000000089d63388,0x0000000089d80000)
 Metaspace       used 81833K, committed 83584K, reserved 1179648K
  class space    used 9774K, committed 10560K, reserved 1048576K
}
Event: 196.673 GC heap before
{Heap before GC invocations=352 (full 3):
 PSYoungGen      total 3072K, used 3046K [0x00000000d5580000, 0x00000000d5a00000, 0x0000000100000000)
  eden space 2560K, 99% used [0x00000000d5580000,0x00000000d57fffd8,0x00000000d5800000)
  from space 512K, 94% used [0x00000000d5980000,0x00000000d59f9978,0x00000000d5a00000)
  to   space 1024K, 0% used [0x00000000d5800000,0x00000000d5800000,0x00000000d5900000)
 ParOldGen       total 161280K, used 161164K [0x0000000080000000, 0x0000000089d80000, 0x00000000d5580000)
  object space 161280K, 99% used [0x0000000080000000,0x0000000089d63388,0x0000000089d80000)
 Metaspace       used 81833K, committed 83584K, reserved 1179648K
  class space    used 9774K, committed 10560K, reserved 1048576K
}
Event: 196.675 GC heap after
{Heap after GC invocations=352 (full 3):
 PSYoungGen      total 3584K, used 320K [0x00000000d5580000, 0x00000000d5a00000, 0x0000000100000000)
  eden space 2560K, 0% used [0x00000000d5580000,0x00000000d5580000,0x00000000d5800000)
  from space 1024K, 31% used [0x00000000d5800000,0x00000000d5850000,0x00000000d5900000)
  to   space 512K, 0% used [0x00000000d5980000,0x00000000d5980000,0x00000000d5a00000)
 ParOldGen       total 161792K, used 161529K [0x0000000080000000, 0x0000000089e00000, 0x00000000d5580000)
  object space 161792K, 99% used [0x0000000080000000,0x0000000089dbe7d0,0x0000000089e00000)
 Metaspace       used 81833K, committed 83584K, reserved 1179648K
  class space    used 9774K, committed 10560K, reserved 1048576K
}
Event: 196.755 GC heap before
{Heap before GC invocations=353 (full 3):
 PSYoungGen      total 3584K, used 2877K [0x00000000d5580000, 0x00000000d5a00000, 0x0000000100000000)
  eden space 2560K, 99% used [0x00000000d5580000,0x00000000d57ff478,0x00000000d5800000)
  from space 1024K, 31% used [0x00000000d5800000,0x00000000d5850000,0x00000000d5900000)
  to   space 512K, 0% used [0x00000000d5980000,0x00000000d5980000,0x00000000d5a00000)
 ParOldGen       total 161792K, used 161529K [0x0000000080000000, 0x0000000089e00000, 0x00000000d5580000)
  object space 161792K, 99% used [0x0000000080000000,0x0000000089dbe7d0,0x0000000089e00000)
 Metaspace       used 81833K, committed 83584K, reserved 1179648K
  class space    used 9774K, committed 10560K, reserved 1048576K
}
Event: 196.756 GC heap after
{Heap after GC invocations=353 (full 3):
 PSYoungGen      total 3072K, used 401K [0x00000000d5580000, 0x00000000d5a00000, 0x0000000100000000)
  eden space 2560K, 0% used [0x00000000d5580000,0x00000000d5580000,0x00000000d5800000)
  from space 512K, 78% used [0x00000000d5980000,0x00000000d59e47a0,0x00000000d5a00000)
  to   space 512K, 0% used [0x00000000d5900000,0x00000000d5900000,0x00000000d5980000)
 ParOldGen       total 162304K, used 161793K [0x0000000080000000, 0x0000000089e80000, 0x00000000d5580000)
  object space 162304K, 99% used [0x0000000080000000,0x0000000089e007d0,0x0000000089e80000)
 Metaspace       used 81833K, committed 83584K, reserved 1179648K
  class space    used 9774K, committed 10560K, reserved 1048576K
}

Dll operation events (20 events):
Event: 1.006 Attempting to load shared library C:\Users\win10\.vscode\extensions\redhat.java-1.56.0-win32-x64\jre\21.0.12.1-win32-x86_64\bin\zip.dll
Event: 1.006 Loaded shared library C:\Users\win10\.vscode\extensions\redhat.java-1.56.0-win32-x64\jre\21.0.12.1-win32-x86_64\bin\zip.dll
Event: 1.125 Attempting to load shared library C:\Users\win10\.vscode\extensions\redhat.java-1.56.0-win32-x64\jre\21.0.12.1-win32-x86_64\bin\jimage.dll
Event: 1.125 Loaded shared library C:\Users\win10\.vscode\extensions\redhat.java-1.56.0-win32-x64\jre\21.0.12.1-win32-x86_64\bin\jimage.dll
Event: 1.747 Attempting to load shared library c:\Users\win10\.vscode\extensions\redhat.java-1.56.0-win32-x64\jre\21.0.12.1-win32-x86_64\bin\verify.dll
Event: 1.748 Loaded shared library c:\Users\win10\.vscode\extensions\redhat.java-1.56.0-win32-x64\jre\21.0.12.1-win32-x86_64\bin\verify.dll
Event: 12.126 Attempting to load shared library C:\Users\win10\AppData\Roaming\Code\User\globalStorage\redhat.java\1.56.0\config_win\org.eclipse.equinox.launcher\org.eclipse.equinox.launcher.win32.win32.x86_64_1.3.100.v20260804-1928\eclipse_11924.dll
Event: 12.135 Loaded shared library C:\Users\win10\AppData\Roaming\Code\User\globalStorage\redhat.java\1.56.0\config_win\org.eclipse.equinox.launcher\org.eclipse.equinox.launcher.win32.win32.x86_64_1.3.100.v20260804-1928\eclipse_11924.dll
Event: 21.597 Attempting to load shared library C:\Users\win10\AppData\Local\Temp\jna-113134331\jna914260353540318739.dll
Event: 21.737 Loaded shared library C:\Users\win10\AppData\Local\Temp\jna-113134331\jna914260353540318739.dll
Event: 38.186 Attempting to load shared library C:\Users\win10\.gradle\native\660c5614fbf4a5f2a75b1949f50a0caf5cd603558e7d8a26e50b933a0cfb79d1\windows-amd64\native-platform.dll
Event: 38.190 Loaded shared library C:\Users\win10\.gradle\native\660c5614fbf4a5f2a75b1949f50a0caf5cd603558e7d8a26e50b933a0cfb79d1\windows-amd64\native-platform.dll
Event: 41.030 Attempting to load shared library C:\Users\win10\.vscode\extensions\redhat.java-1.56.0-win32-x64\jre\21.0.12.1-win32-x86_64\bin\management.dll
Event: 41.048 Loaded shared library C:\Users\win10\.vscode\extensions\redhat.java-1.56.0-win32-x64\jre\21.0.12.1-win32-x86_64\bin\management.dll
Event: 41.053 Attempting to load shared library C:\Users\win10\.vscode\extensions\redhat.java-1.56.0-win32-x64\jre\21.0.12.1-win32-x86_64\bin\management_ext.dll
Event: 41.063 Loaded shared library C:\Users\win10\.vscode\extensions\redhat.java-1.56.0-win32-x64\jre\21.0.12.1-win32-x86_64\bin\management_ext.dll
Event: 61.820 Attempting to load shared library C:\Users\win10\.vscode\extensions\redhat.java-1.56.0-win32-x64\jre\21.0.12.1-win32-x86_64\bin\extnet.dll
Event: 61.823 Loaded shared library C:\Users\win10\.vscode\extensions\redhat.java-1.56.0-win32-x64\jre\21.0.12.1-win32-x86_64\bin\extnet.dll
Event: 62.283 Attempting to load shared library C:\Users\win10\.vscode\extensions\redhat.java-1.56.0-win32-x64\jre\21.0.12.1-win32-x86_64\bin\sunmscapi.dll
Event: 62.290 Loaded shared library C:\Users\win10\.vscode\extensions\redhat.java-1.56.0-win32-x64\jre\21.0.12.1-win32-x86_64\bin\sunmscapi.dll

Deoptimization events (20 events):
Event: 196.991 Thread 0x00000210ea5475e0 Uncommon trap: trap_request=0xffffffc6 fr.pc=0x00000210d4e8b260 relative=0x0000000000000280
Event: 196.991 Thread 0x00000210ea5475e0 Uncommon trap: reason=bimorphic_or_optimized_type_check action=maybe_recompile pc=0x00000210d4e8b260 method=java.util.regex.Pattern$BmpCharProperty.match(Ljava/util/regex/Matcher;ILjava/lang/CharSequence;)Z @ 14 c2
Event: 196.991 Thread 0x00000210ea5475e0 DEOPT PACKING pc=0x00000210d4e8b260 sp=0x0000007016efec50
Event: 196.991 Thread 0x00000210ea5475e0 DEOPT UNPACKING pc=0x00000210d43d3aa2 sp=0x0000007016efebe0 mode 2
Event: 196.991 Thread 0x00000210ea5475e0 Uncommon trap: trap_request=0xffffffc6 fr.pc=0x00000210d4d34968 relative=0x0000000000000128
Event: 196.991 Thread 0x00000210ea5475e0 Uncommon trap: reason=bimorphic_or_optimized_type_check action=maybe_recompile pc=0x00000210d4d34968 method=java.util.regex.Pattern.lambda$union$3(Ljava/util/regex/Pattern$CharPredicate;Ljava/util/regex/Pattern$CharPredicate;I)Z @ 12 c2
Event: 196.991 Thread 0x00000210ea5475e0 DEOPT PACKING pc=0x00000210d4d34968 sp=0x0000007016efebb0
Event: 196.991 Thread 0x00000210ea5475e0 DEOPT UNPACKING pc=0x00000210d43d3aa2 sp=0x0000007016efeac8 mode 2
Event: 196.991 Thread 0x00000210ea5475e0 Uncommon trap: trap_request=0xffffffc6 fr.pc=0x00000210d4e613fc relative=0x000000000000013c
Event: 196.991 Thread 0x00000210ea5475e0 Uncommon trap: reason=bimorphic_or_optimized_type_check action=maybe_recompile pc=0x00000210d4e613fc method=java.lang.Character.codePointBefore(Ljava/lang/CharSequence;I)I @ 5 c2
Event: 196.991 Thread 0x00000210ea5475e0 DEOPT PACKING pc=0x00000210d4e613fc sp=0x0000007016efecf0
Event: 196.991 Thread 0x00000210ea5475e0 DEOPT UNPACKING pc=0x00000210d43d3aa2 sp=0x0000007016efec78 mode 2
Event: 196.991 Thread 0x00000210ea5475e0 Uncommon trap: trap_request=0xffffffc6 fr.pc=0x00000210d4e613fc relative=0x000000000000013c
Event: 196.991 Thread 0x00000210ea5475e0 Uncommon trap: reason=bimorphic_or_optimized_type_check action=maybe_recompile pc=0x00000210d4e613fc method=java.lang.Character.codePointBefore(Ljava/lang/CharSequence;I)I @ 5 c2
Event: 196.991 Thread 0x00000210ea5475e0 DEOPT PACKING pc=0x00000210d4e613fc sp=0x0000007016efecf0
Event: 196.991 Thread 0x00000210ea5475e0 DEOPT UNPACKING pc=0x00000210d43d3aa2 sp=0x0000007016efec78 mode 2
Event: 197.028 Thread 0x00000210e64f4f10 Uncommon trap: trap_request=0xffffff45 fr.pc=0x00000210d4c4c600 relative=0x0000000000000740
Event: 197.028 Thread 0x00000210e64f4f10 Uncommon trap: reason=unstable_if action=reinterpret pc=0x00000210d4c4c600 method=java.util.jar.JarFile.getEntry(Ljava/lang/String;)Ljava/util/zip/ZipEntry; @ 15 c2
Event: 197.028 Thread 0x00000210e64f4f10 DEOPT PACKING pc=0x00000210d4c4c600 sp=0x00000070164faf80
Event: 197.028 Thread 0x00000210e64f4f10 DEOPT UNPACKING pc=0x00000210d43d3aa2 sp=0x00000070164faf88 mode 2

Classes loaded (20 events):
Event: 177.063 Loading class java/nio/file/FileTreeIterator
Event: 177.063 Loading class java/nio/file/FileTreeIterator done
Event: 186.572 Loading class java/lang/ProcessBuilder
Event: 186.573 Loading class java/lang/ProcessBuilder done
Event: 186.578 Loading class java/lang/ProcessImpl
Event: 186.579 Loading class java/lang/ProcessImpl done
Event: 192.946 Loading class java/lang/ProcessImpl$2
Event: 192.947 Loading class java/lang/ProcessImpl$2 done
Event: 192.947 Loading class java/lang/Process$PipeInputStream
Event: 192.947 Loading class java/lang/Process$PipeInputStream done
Event: 192.949 Loading class java/lang/ProcessBuilder$NullInputStream
Event: 192.949 Loading class java/lang/ProcessBuilder$NullInputStream done
Event: 192.949 Loading class jdk/internal/event/ProcessStartEvent
Event: 192.949 Loading class jdk/internal/event/ProcessStartEvent done
Event: 192.953 Loading class java/util/Scanner
Event: 192.954 Loading class java/util/Scanner done
Event: 192.954 Loading class java/util/Scanner$PatternLRUCache
Event: 192.954 Loading class java/util/Scanner$PatternLRUCache done
Event: 196.989 Loading class java/util/regex/Matcher$ImmutableMatchResult
Event: 196.990 Loading class java/util/regex/Matcher$ImmutableMatchResult done

Classes unloaded (11 events):
Event: 24.335 Thread 0x00000210c9d03150 Unloading class 0x00000210811a4400 'java/lang/invoke/LambdaForm$MH+0x00000210811a4400'
Event: 24.335 Thread 0x00000210c9d03150 Unloading class 0x00000210811a4000 'java/lang/invoke/LambdaForm$MH+0x00000210811a4000'
Event: 24.335 Thread 0x00000210c9d03150 Unloading class 0x00000210811a3c00 'java/lang/invoke/LambdaForm$MH+0x00000210811a3c00'
Event: 24.335 Thread 0x00000210c9d03150 Unloading class 0x00000210811a3800 'java/lang/invoke/LambdaForm$MH+0x00000210811a3800'
Event: 24.335 Thread 0x00000210c9d03150 Unloading class 0x00000210811a3400 'java/lang/invoke/LambdaForm$BMH+0x00000210811a3400'
Event: 24.335 Thread 0x00000210c9d03150 Unloading class 0x00000210811a3000 'java/lang/invoke/LambdaForm$DMH+0x00000210811a3000'
Event: 24.335 Thread 0x00000210c9d03150 Unloading class 0x00000210811a2000 'java/lang/invoke/LambdaForm$DMH+0x00000210811a2000'
Event: 30.553 Thread 0x00000210c9d03150 Unloading class 0x00000210812c0400 'java/lang/invoke/LambdaForm$MH+0x00000210812c0400'
Event: 30.553 Thread 0x00000210c9d03150 Unloading class 0x00000210812bf000 'java/lang/invoke/LambdaForm$MH+0x00000210812bf000'
Event: 30.553 Thread 0x00000210c9d03150 Unloading class 0x00000210812bec00 'java/lang/invoke/LambdaForm$DMH+0x00000210812bec00'
Event: 30.553 Thread 0x00000210c9d03150 Unloading class 0x00000210812be000 'java/lang/invoke/LambdaForm$MH+0x00000210812be000'

Classes redefined (0 events):
No events

Internal exceptions (20 events):
Event: 177.819 Thread 0x00000210e64f4f10 Exception <a 'java/lang/NoSuchMethodError'{0x00000000d56290f0}: 'java.lang.Object java.lang.invoke.DirectMethodHandle$Holder.invokeStatic(java.lang.Object, int, int, java.lang.Object)'> (0x00000000d56290f0) 
thrown [s\src\hotspot\share\interpreter\linkResolver.cpp, line 773]
Event: 178.558 Thread 0x00000210ea00f950 Exception <a 'java/lang/NullPointerException'{0x00000000d5637410}> (0x00000000d5637410) 
thrown [s\src\hotspot\share\interpreter\linkResolver.cpp, line 1372]
Event: 178.657 Thread 0x00000210ea00f950 Implicit null exception at 0x00000210d51f8d60 to 0x00000210d51f9308
Event: 179.027 Thread 0x00000210e64f2120 Exception <a 'sun/nio/fs/WindowsException'{0x00000000d57835c0}> (0x00000000d57835c0) 
thrown [s\src\hotspot\share\prims\jni.cpp, line 520]
Event: 179.910 Thread 0x00000210e64f2120 Exception <a 'java/io/FileNotFoundException'{0x00000000d57c6db0}> (0x00000000d57c6db0) 
thrown [s\src\hotspot\share\prims\jni.cpp, line 520]
Event: 180.301 Thread 0x00000210e64f2120 Exception <a 'sun/nio/fs/WindowsException'{0x00000000d55efa30}> (0x00000000d55efa30) 
thrown [s\src\hotspot\share\prims\jni.cpp, line 520]
Event: 180.330 Thread 0x00000210e64f4f10 Exception <a 'sun/nio/fs/WindowsException'{0x00000000d561bc10}> (0x00000000d561bc10) 
thrown [s\src\hotspot\share\prims\jni.cpp, line 520]
Event: 180.776 Thread 0x00000210ea011a20 Exception <a 'sun/nio/fs/WindowsException'{0x00000000d55a3ca8}> (0x00000000d55a3ca8) 
thrown [s\src\hotspot\share\prims\jni.cpp, line 520]
Event: 180.777 Thread 0x00000210ea011a20 Exception <a 'sun/nio/fs/WindowsException'{0x00000000d55ec758}> (0x00000000d55ec758) 
thrown [s\src\hotspot\share\prims\jni.cpp, line 520]
Event: 180.807 Thread 0x00000210e64f2120 Exception <a 'sun/nio/fs/WindowsException'{0x00000000d56ba668}> (0x00000000d56ba668) 
thrown [s\src\hotspot\share\prims\jni.cpp, line 520]
Event: 180.807 Thread 0x00000210e64f2120 Exception <a 'sun/nio/fs/WindowsException'{0x00000000d56babe8}> (0x00000000d56babe8) 
thrown [s\src\hotspot\share\prims\jni.cpp, line 520]
Event: 181.470 Thread 0x00000210e64f4f10 Exception <a 'sun/nio/fs/WindowsException'{0x00000000d5741388}> (0x00000000d5741388) 
thrown [s\src\hotspot\share\prims\jni.cpp, line 520]
Event: 181.470 Thread 0x00000210e64f4f10 Exception <a 'sun/nio/fs/WindowsException'{0x00000000d5758bd0}> (0x00000000d5758bd0) 
thrown [s\src\hotspot\share\prims\jni.cpp, line 520]
Event: 181.470 Thread 0x00000210e64f4f10 Exception <a 'sun/nio/fs/WindowsException'{0x00000000d5759590}> (0x00000000d5759590) 
thrown [s\src\hotspot\share\prims\jni.cpp, line 520]
Event: 181.470 Thread 0x00000210e64f4f10 Exception <a 'sun/nio/fs/WindowsException'{0x00000000d5783478}> (0x00000000d5783478) 
thrown [s\src\hotspot\share\prims\jni.cpp, line 520]
Event: 181.478 Thread 0x00000210e64f4f10 Exception <a 'java/lang/NoSuchMethodError'{0x00000000d5656f48}: 'java.lang.Object java.lang.invoke.DirectMethodHandle$Holder.newInvokeSpecial(java.lang.Object, java.lang.Object, int, java.lang.Object, java.lang.Object)'> (0x00000000d5656f48) 
thrown [s\src\hotspot\share\interpreter\linkResolver.cpp, line 773]
Event: 181.481 Thread 0x00000210e64f4f10 Exception <a 'java/lang/NoSuchMethodError'{0x00000000d56722d0}: 'java.lang.Object java.lang.invoke.DirectMethodHandle$Holder.invokeSpecial(java.lang.Object, java.lang.Object, java.lang.Object, int, java.lang.Object, java.lang.Object, java.lang.Object)'> (0x00000000d56722d0) 
thrown [s\src\hotspot\share\interpreter\linkResolver.cpp, line 773]
Event: 182.660 Thread 0x00000210e64f34d0 Implicit null exception at 0x00000210d516da49 to 0x00000210d516e4e8
Event: 192.946 Thread 0x00000210ea5475e0 Exception <a 'java/lang/NoSuchMethodError'{0x00000000d563d7c0}: 'void java.lang.invoke.DirectMethodHandle$Holder.invokeStatic(java.lang.Object, long)'> (0x00000000d563d7c0) 
thrown [s\src\hotspot\share\interpreter\linkResolver.cpp, line 773]
Event: 196.972 Thread 0x00000210e64f2120 Exception <a 'sun/nio/fs/WindowsException'{0x00000000d55cf6e8}> (0x00000000d55cf6e8) 
thrown [s\src\hotspot\share\prims\jni.cpp, line 520]

ZGC Phase Switch (0 events):
No events

VM Operations (20 events):
Event: 195.914 Executing safepoint VM operation: ParallelGCFailedAllocation (Allocation Failure)
Event: 195.917 Executing safepoint VM operation: ParallelGCFailedAllocation (Allocation Failure) done
Event: 196.008 Executing safepoint VM operation: ParallelGCFailedAllocation (Allocation Failure)
Event: 196.009 Executing safepoint VM operation: ParallelGCFailedAllocation (Allocation Failure) done
Event: 196.019 Executing safepoint VM operation: ParallelGCFailedAllocation (Allocation Failure)
Event: 196.022 Executing safepoint VM operation: ParallelGCFailedAllocation (Allocation Failure) done
Event: 196.240 Executing safepoint VM operation: ParallelGCFailedAllocation (Allocation Failure)
Event: 196.242 Executing safepoint VM operation: ParallelGCFailedAllocation (Allocation Failure) done
Event: 196.252 Executing safepoint VM operation: ParallelGCFailedAllocation (Allocation Failure)
Event: 196.253 Executing safepoint VM operation: ParallelGCFailedAllocation (Allocation Failure) done
Event: 196.524 Executing safepoint VM operation: ParallelGCFailedAllocation (Allocation Failure)
Event: 196.525 Executing safepoint VM operation: ParallelGCFailedAllocation (Allocation Failure) done
Event: 196.546 Executing safepoint VM operation: ParallelGCFailedAllocation (Allocation Failure)
Event: 196.548 Executing safepoint VM operation: ParallelGCFailedAllocation (Allocation Failure) done
Event: 196.660 Executing safepoint VM operation: ParallelGCFailedAllocation (Allocation Failure)
Event: 196.662 Executing safepoint VM operation: ParallelGCFailedAllocation (Allocation Failure) done
Event: 196.673 Executing safepoint VM operation: ParallelGCFailedAllocation (Allocation Failure)
Event: 196.675 Executing safepoint VM operation: ParallelGCFailedAllocation (Allocation Failure) done
Event: 196.755 Executing safepoint VM operation: ParallelGCFailedAllocation (Allocation Failure)
Event: 196.756 Executing safepoint VM operation: ParallelGCFailedAllocation (Allocation Failure) done

Memory protections (0 events):
No events

Nmethod flushes (20 events):
Event: 43.994 Thread 0x00000210c9d03150 flushing  nmethod 0x00000210cd754290
Event: 43.994 Thread 0x00000210c9d03150 flushing  nmethod 0x00000210cd754810
Event: 43.994 Thread 0x00000210c9d03150 flushing  nmethod 0x00000210cd754c10
Event: 43.994 Thread 0x00000210c9d03150 flushing  nmethod 0x00000210cd756090
Event: 43.994 Thread 0x00000210c9d03150 flushing  nmethod 0x00000210cd756510
Event: 43.994 Thread 0x00000210c9d03150 flushing  nmethod 0x00000210cd756b10
Event: 43.994 Thread 0x00000210c9d03150 flushing  nmethod 0x00000210cd759990
Event: 43.994 Thread 0x00000210c9d03150 flushing  nmethod 0x00000210cd76bd90
Event: 43.994 Thread 0x00000210c9d03150 flushing  nmethod 0x00000210cd782e10
Event: 43.994 Thread 0x00000210c9d03150 flushing  nmethod 0x00000210cd7b3490
Event: 43.994 Thread 0x00000210c9d03150 flushing  nmethod 0x00000210cd7ba110
Event: 43.994 Thread 0x00000210c9d03150 flushing  nmethod 0x00000210cd7bc510
Event: 43.994 Thread 0x00000210c9d03150 flushing  nmethod 0x00000210cd7bf410
Event: 43.994 Thread 0x00000210c9d03150 flushing  nmethod 0x00000210cd7bff90
Event: 43.994 Thread 0x00000210c9d03150 flushing osr nmethod 0x00000210cd7c3a90
Event: 43.994 Thread 0x00000210c9d03150 flushing  nmethod 0x00000210cd7d6990
Event: 43.994 Thread 0x00000210c9d03150 flushing  nmethod 0x00000210cd7fb790
Event: 43.994 Thread 0x00000210c9d03150 flushing  nmethod 0x00000210cd807510
Event: 43.994 Thread 0x00000210c9d03150 flushing  nmethod 0x00000210cd80ad10
Event: 43.994 Thread 0x00000210c9d03150 flushing  nmethod 0x00000210cd840990

Events (20 events):
Event: 183.751 Thread 0x00000210e17b83b0 Thread exited: 0x00000210e17b83b0
Event: 184.268 Thread 0x00000210e64f4f10 Thread added: 0x00000210ea547c70
Event: 184.269 Thread 0x00000210e64f4f10 Thread added: 0x00000210ea546f50
Event: 185.817 Thread 0x00000210e64f4f10 Thread added: 0x00000210ea5468c0
Event: 185.818 Thread 0x00000210e64f4f10 Thread added: 0x00000210ea545ba0
Event: 185.818 Thread 0x00000210e64f4f10 Thread added: 0x00000210ea548300
Event: 186.572 Thread 0x00000210e64f27b0 Thread added: 0x00000210ea5475e0
Event: 192.951 Thread 0x00000210ea5475e0 Thread added: 0x00000210ea544e80
Event: 192.952 Thread 0x00000210ea544e80 Thread exited: 0x00000210ea544e80
Event: 192.953 Thread 0x00000210ea5475e0 Thread added: 0x00000210ea544e80
Event: 195.439 Thread 0x00000210ea5468c0 Thread exited: 0x00000210ea5468c0
Event: 195.440 Thread 0x00000210ea546f50 Thread exited: 0x00000210ea546f50
Event: 195.440 Thread 0x00000210ea548300 Thread exited: 0x00000210ea548300
Event: 195.440 Thread 0x00000210ea545ba0 Thread exited: 0x00000210ea545ba0
Event: 195.440 Thread 0x00000210ea547c70 Thread exited: 0x00000210ea547c70
Event: 195.486 Thread 0x00000210e06a6540 Thread added: 0x00000210e9092bb0
Event: 195.789 Thread 0x00000210e9092bb0 Thread exited: 0x00000210e9092bb0
Event: 196.690 Thread 0x00000210e06326d0 Thread added: 0x00000210e8d623f0
Event: 196.973 Thread 0x00000210e8d623f0 Thread exited: 0x00000210e8d623f0
Event: 197.011 Thread 0x00000210e06a6540 Thread added: 0x00000210e8d623f0


Dynamic libraries:
0x00007ff643ba0000 - 0x00007ff643bae000 	c:\Users\win10\.vscode\extensions\redhat.java-1.56.0-win32-x64\jre\21.0.12.1-win32-x86_64\bin\java.exe
0x00007ffbb9170000 - 0x00007ffbb9368000 	C:\Windows\SYSTEM32\ntdll.dll
0x00007ffbb7ac0000 - 0x00007ffbb7b82000 	C:\Windows\System32\KERNEL32.DLL
0x00007ffbb6890000 - 0x00007ffbb6b86000 	C:\Windows\System32\KERNELBASE.dll
0x00007ffbb6ec0000 - 0x00007ffbb6fc0000 	C:\Windows\System32\ucrtbase.dll
0x00007ffbaf7f0000 - 0x00007ffbaf808000 	c:\Users\win10\.vscode\extensions\redhat.java-1.56.0-win32-x64\jre\21.0.12.1-win32-x86_64\bin\jli.dll
0x00007ffbb83a0000 - 0x00007ffbb853d000 	C:\Windows\System32\USER32.dll
0x00007ffbb6860000 - 0x00007ffbb6882000 	C:\Windows\System32\win32u.dll
0x00007ffbb8960000 - 0x00007ffbb898b000 	C:\Windows\System32\GDI32.dll
0x00007ffbb6b90000 - 0x00007ffbb6ca9000 	C:\Windows\System32\gdi32full.dll
0x00007ffbb6ff0000 - 0x00007ffbb708d000 	C:\Windows\System32\msvcp_win.dll
0x00007ffbaf960000 - 0x00007ffbaf97e000 	c:\Users\win10\.vscode\extensions\redhat.java-1.56.0-win32-x64\jre\21.0.12.1-win32-x86_64\bin\VCRUNTIME140.dll
0x00007ffba04e0000 - 0x00007ffba077b000 	C:\Windows\WinSxS\amd64_microsoft.windows.common-controls_6595b64144ccf1df_6.0.19041.6280_none_60bc30a171f2f3f3\COMCTL32.dll
0x00007ffbb8300000 - 0x00007ffbb839e000 	C:\Windows\System32\msvcrt.dll
0x00007ffbb8aa0000 - 0x00007ffbb8acf000 	C:\Windows\System32\IMM32.DLL
0x00007ffbb32e0000 - 0x00007ffbb32ec000 	c:\Users\win10\.vscode\extensions\redhat.java-1.56.0-win32-x64\jre\21.0.12.1-win32-x86_64\bin\vcruntime140_1.dll
0x00007ffba0b40000 - 0x00007ffba0bcd000 	c:\Users\win10\.vscode\extensions\redhat.java-1.56.0-win32-x64\jre\21.0.12.1-win32-x86_64\bin\msvcp140.dll
0x00007ffb74800000 - 0x00007ffb755a2000 	c:\Users\win10\.vscode\extensions\redhat.java-1.56.0-win32-x64\jre\21.0.12.1-win32-x86_64\bin\server\jvm.dll
0x00007ffbb8830000 - 0x00007ffbb88e1000 	C:\Windows\System32\ADVAPI32.dll
0x00007ffbb7630000 - 0x00007ffbb76cf000 	C:\Windows\System32\sechost.dll
0x00007ffbb7880000 - 0x00007ffbb79a0000 	C:\Windows\System32\RPCRT4.dll
0x00007ffbb6fc0000 - 0x00007ffbb6fe7000 	C:\Windows\System32\bcrypt.dll
0x00007ffbb79a0000 - 0x00007ffbb7a0b000 	C:\Windows\System32\WS2_32.dll
0x00007ffbb6670000 - 0x00007ffbb66bb000 	C:\Windows\SYSTEM32\POWRPROF.dll
0x00007ffba0e00000 - 0x00007ffba0e27000 	C:\Windows\SYSTEM32\WINMM.dll
0x00007ffba71b0000 - 0x00007ffba71ba000 	C:\Windows\SYSTEM32\VERSION.dll
0x00007ffbb6650000 - 0x00007ffbb6662000 	C:\Windows\SYSTEM32\UMPDC.dll
0x00007ffbb5060000 - 0x00007ffbb5072000 	C:\Windows\SYSTEM32\kernel.appcore.dll
0x00007ffbb32d0000 - 0x00007ffbb32da000 	c:\Users\win10\.vscode\extensions\redhat.java-1.56.0-win32-x64\jre\21.0.12.1-win32-x86_64\bin\jimage.dll
0x00007ffbb4ce0000 - 0x00007ffbb4ee1000 	C:\Windows\SYSTEM32\DBGHELP.DLL
0x00007ffbb3100000 - 0x00007ffbb3134000 	C:\Windows\SYSTEM32\dbgcore.DLL
0x00007ffbb7110000 - 0x00007ffbb7192000 	C:\Windows\System32\bcryptPrimitives.dll
0x00007ffbb2da0000 - 0x00007ffbb2daf000 	c:\Users\win10\.vscode\extensions\redhat.java-1.56.0-win32-x64\jre\21.0.12.1-win32-x86_64\bin\instrument.dll
0x00007ffbaf9c0000 - 0x00007ffbaf9e0000 	c:\Users\win10\.vscode\extensions\redhat.java-1.56.0-win32-x64\jre\21.0.12.1-win32-x86_64\bin\java.dll
0x00007ffbb7b90000 - 0x00007ffbb8300000 	C:\Windows\System32\SHELL32.dll
0x00007ffbb4460000 - 0x00007ffbb4c05000 	C:\Windows\SYSTEM32\windows.storage.dll
0x00007ffbb72d0000 - 0x00007ffbb7623000 	C:\Windows\System32\combase.dll
0x00007ffbb6170000 - 0x00007ffbb619b000 	C:\Windows\SYSTEM32\Wldp.dll
0x00007ffbb8680000 - 0x00007ffbb874d000 	C:\Windows\System32\OLEAUT32.dll
0x00007ffbb8990000 - 0x00007ffbb8a3d000 	C:\Windows\System32\SHCORE.dll
0x00007ffbb8a40000 - 0x00007ffbb8a9b000 	C:\Windows\System32\shlwapi.dll
0x00007ffbb6740000 - 0x00007ffbb6764000 	C:\Windows\SYSTEM32\profapi.dll
0x00007ffbaf9a0000 - 0x00007ffbaf9b8000 	c:\Users\win10\.vscode\extensions\redhat.java-1.56.0-win32-x64\jre\21.0.12.1-win32-x86_64\bin\zip.dll
0x00007ffbb2cb0000 - 0x00007ffbb2cc0000 	C:\Users\win10\.vscode\extensions\redhat.java-1.56.0-win32-x64\jre\21.0.12.1-win32-x86_64\bin\net.dll
0x00007ffba5120000 - 0x00007ffba522a000 	C:\Windows\SYSTEM32\WINHTTP.dll
0x00007ffbb5ed0000 - 0x00007ffbb5f3a000 	C:\Windows\system32\mswsock.dll
0x00007ffbaf980000 - 0x00007ffbaf996000 	C:\Users\win10\.vscode\extensions\redhat.java-1.56.0-win32-x64\jre\21.0.12.1-win32-x86_64\bin\nio.dll
0x00007ffbb0c40000 - 0x00007ffbb0c50000 	c:\Users\win10\.vscode\extensions\redhat.java-1.56.0-win32-x64\jre\21.0.12.1-win32-x86_64\bin\verify.dll
0x00007ffba8770000 - 0x00007ffba87b5000 	C:\Users\win10\AppData\Roaming\Code\User\globalStorage\redhat.java\1.56.0\config_win\org.eclipse.equinox.launcher\org.eclipse.equinox.launcher.win32.win32.x86_64_1.3.100.v20260804-1928\eclipse_11924.dll
0x00007ffbb71a0000 - 0x00007ffbb72cb000 	C:\Windows\System32\ole32.dll
0x00007ffbb60d0000 - 0x00007ffbb60e8000 	C:\Windows\SYSTEM32\CRYPTSP.dll
0x00007ffbb57f0000 - 0x00007ffbb5828000 	C:\Windows\system32\rsaenh.dll
0x00007ffbb66c0000 - 0x00007ffbb66ee000 	C:\Windows\SYSTEM32\USERENV.dll
0x00007ffbb60c0000 - 0x00007ffbb60cc000 	C:\Windows\SYSTEM32\CRYPTBASE.dll
0x00007ffbb5bb0000 - 0x00007ffbb5beb000 	C:\Windows\SYSTEM32\IPHLPAPI.DLL
0x00007ffbb8950000 - 0x00007ffbb8958000 	C:\Windows\System32\NSI.dll
0x00007ffb8fcd0000 - 0x00007ffb8fd19000 	C:\Users\win10\AppData\Local\Temp\jna-113134331\jna914260353540318739.dll
0x00007ffbb8540000 - 0x00007ffbb8548000 	C:\Windows\System32\PSAPI.DLL
0x00007ffba66f0000 - 0x00007ffba6707000 	C:\Windows\SYSTEM32\dhcpcsvc6.DLL
0x00007ffba66d0000 - 0x00007ffba66ed000 	C:\Windows\SYSTEM32\dhcpcsvc.DLL
0x00007ffba6cb0000 - 0x00007ffba6cd7000 	C:\Users\win10\.gradle\native\660c5614fbf4a5f2a75b1949f50a0caf5cd603558e7d8a26e50b933a0cfb79d1\windows-amd64\native-platform.dll
0x00007ffbaf7e0000 - 0x00007ffbaf7ea000 	C:\Users\win10\.vscode\extensions\redhat.java-1.56.0-win32-x64\jre\21.0.12.1-win32-x86_64\bin\management.dll
0x00007ffbaf7d0000 - 0x00007ffbaf7dc000 	C:\Users\win10\.vscode\extensions\redhat.java-1.56.0-win32-x64\jre\21.0.12.1-win32-x86_64\bin\management_ext.dll
0x00007ffbaf810000 - 0x00007ffbaf819000 	C:\Users\win10\.vscode\extensions\redhat.java-1.56.0-win32-x64\jre\21.0.12.1-win32-x86_64\bin\extnet.dll
0x00007ffbaf820000 - 0x00007ffbaf82e000 	C:\Users\win10\.vscode\extensions\redhat.java-1.56.0-win32-x64\jre\21.0.12.1-win32-x86_64\bin\sunmscapi.dll
0x00007ffbb6d60000 - 0x00007ffbb6ebd000 	C:\Windows\System32\CRYPT32.dll
0x00007ffbb61e0000 - 0x00007ffbb6207000 	C:\Windows\SYSTEM32\ncrypt.dll
0x00007ffbb61a0000 - 0x00007ffbb61db000 	C:\Windows\SYSTEM32\NTASN1.dll
0x00007ffbaf830000 - 0x00007ffbaf837000 	C:\Windows\system32\wshunix.dll

JVMTI agents:
c:\Users\win10\.vscode\extensions\redhat.java-1.56.0-win32-x64\lombok\lombok-1.18.39-4050.jar path:c:\Users\win10\.vscode\extensions\redhat.java-1.56.0-win32-x64\jre\21.0.12.1-win32-x86_64\bin\instrument.dll, loaded, initialized, instrumentlib options:none

dbghelp: loaded successfully - version: 4.0.5 - missing functions: none
symbol engine: initialized successfully - sym options: 0x614 - pdb path: .;c:\Users\win10\.vscode\extensions\redhat.java-1.56.0-win32-x64\jre\21.0.12.1-win32-x86_64\bin;C:\Windows\SYSTEM32;C:\Windows\WinSxS\amd64_microsoft.windows.common-controls_6595b64144ccf1df_6.0.19041.6280_none_60bc30a171f2f3f3;c:\Users\win10\.vscode\extensions\redhat.java-1.56.0-win32-x64\jre\21.0.12.1-win32-x86_64\bin\server;C:\Users\win10\AppData\Roaming\Code\User\globalStorage\redhat.java\1.56.0\config_win\org.eclipse.equinox.launcher\org.eclipse.equinox.launcher.win32.win32.x86_64_1.3.100.v20260804-1928;C:\Users\win10\AppData\Local\Temp\jna-113134331;C:\Users\win10\.gradle\native\660c5614fbf4a5f2a75b1949f50a0caf5cd603558e7d8a26e50b933a0cfb79d1\windows-amd64

VM Arguments:
jvm_args: --add-modules=ALL-SYSTEM --add-opens=java.base/java.util=ALL-UNNAMED --add-opens=java.base/java.lang=ALL-UNNAMED --add-opens=java.base/sun.nio.fs=ALL-UNNAMED -Declipse.application=org.eclipse.jdt.ls.core.id1 -Dosgi.bundles.defaultStartLevel=4 -Declipse.product=org.eclipse.jdt.ls.core.product -Djava.import.generatesMetadataFilesAtProjectRoot=false -Dm2e.project.cache.size=50 -DDetectVMInstallationsJob.disabled=true -Dfile.encoding=utf8 -XX:+UseParallelGC -XX:GCTimeRatio=4 -XX:AdaptiveSizePolicyWeight=90 -Dsun.zip.disableMemoryMapping=true -Xmx2G -Xms100m -Xlog:disable -javaagent:c:\Users\win10\.vscode\extensions\redhat.java-1.56.0-win32-x64\lombok\lombok-1.18.39-4050.jar -XX:+HeapDumpOnOutOfMemoryError -XX:HeapDumpPath=c:\Users\win10\AppData\Roaming\Code\User\workspaceStorage\38317394b109eaed1b6c2086ef165b9b\redhat.java -Daether.dependencyCollector.impl=bf 
java_command: c:\Users\win10\.vscode\extensions\redhat.java-1.56.0-win32-x64\server\plugins\org.eclipse.equinox.launcher_1.8.0.v20260804-1928.jar -configuration c:\Users\win10\AppData\Roaming\Code\User\globalStorage\redhat.java\1.56.0\config_win -data c:\Users\win10\AppData\Roaming\Code\User\workspaceStorage\38317394b109eaed1b6c2086ef165b9b\redhat.java\jdt_ws --stdio
java_class_path (initial): c:\Users\win10\.vscode\extensions\redhat.java-1.56.0-win32-x64\server\plugins\org.eclipse.equinox.launcher_1.8.0.v20260804-1928.jar
Launcher Type: SUN_STANDARD

[Global flags]
    uintx AdaptiveSizePolicyWeight                 = 90                                        {product} {command line}
     intx CICompilerCount                          = 3                                         {product} {ergonomic}
    uintx GCTimeRatio                              = 4                                         {product} {command line}
     bool HeapDumpOnOutOfMemoryError               = true                                   {manageable} {command line}
    ccstr HeapDumpPath                             = c:\Users\win10\AppData\Roaming\Code\User\workspaceStorage\38317394b109eaed1b6c2086ef165b9b\redhat.java         {manageable} {command line}
   size_t InitialHeapSize                          = 104857600                                 {product} {command line}
   size_t MaxHeapSize                              = 2147483648                                {product} {command line}
   size_t MaxNewSize                               = 715653120                                 {product} {ergonomic}
   size_t MinHeapDeltaBytes                        = 524288                                    {product} {ergonomic}
   size_t MinHeapSize                              = 104857600                                 {product} {command line}
   size_t NewSize                                  = 34603008                                  {product} {ergonomic}
    uintx NonNMethodCodeHeapSize                   = 5832780                                {pd product} {ergonomic}
    uintx NonProfiledCodeHeapSize                  = 122912730                              {pd product} {ergonomic}
   size_t OldSize                                  = 70254592                                  {product} {ergonomic}
    uintx ProfiledCodeHeapSize                     = 122912730                              {pd product} {ergonomic}
    uintx ReservedCodeCacheSize                    = 251658240                              {pd product} {ergonomic}
     bool SegmentedCodeCache                       = true                                      {product} {ergonomic}
   size_t SoftMaxHeapSize                          = 2147483648                             {manageable} {ergonomic}
     bool UseCompressedOops                        = true                           {product lp64_product} {ergonomic}
     bool UseLargePagesIndividualAllocation        = false                                  {pd product} {ergonomic}
     bool UseParallelGC                            = true                                      {product} {command line}

Logging:
Log output configuration:
 #0: stdout all=off uptime,level,tags foldmultilines=false
 #1: stderr all=off uptime,level,tags foldmultilines=false

Release file:
JAVA_VERSION="21.0.12.1" 
MODULES="java.base java.compiler java.datatransfer java.xml java.prefs java.desktop java.instrument java.logging java.management java.security.sasl java.naming java.rmi java.management.rmi java.net.http java.scripting java.security.jgss java.transaction.xa java.sql java.sql.rowset java.xml.crypto java.se java.smartcardio jdk.accessibility jdk.internal.jvmstat jdk.attach jdk.charsets jdk.internal.opt jdk.zipfs jdk.compiler jdk.crypto.ec jdk.crypto.cryptoki jdk.crypto.mscapi jdk.dynalink jdk.internal.ed jdk.editpad jdk.hotspot.agent jdk.httpserver jdk.internal.le jdk.internal.vm.ci jdk.internal.vm.compiler jdk.internal.vm.compiler.management jdk.jartool jdk.javadoc jdk.jcmd jdk.management jdk.management.agent jdk.jconsole jdk.jdeps jdk.jdwp.agent jdk.jdi jdk.jfr jdk.jshell jdk.jsobject jdk.jstatd jdk.localedata jdk.management.jfr jdk.naming.dns jdk.naming.rmi jdk.net jdk.nio.mapmode jdk.random jdk.sctp jdk.security.auth jdk.security.jgss jdk.unsupported jdk.unsupported.desktop jdk.xml.dom" 

Environment Variables:
JAVA_HOME=C:\Program Files\Java\jdk-22
PATH=C:\Program Files (x86)\VMware\VMware Workstation\bin\;C:\Program Files\Common Files\Oracle\Java\javapath;C:\Program Files (x86)\Common Files\Oracle\Java\javapath;C:\Program Files (x86)\Intel\iCLS Client\;C:\Program Files\Intel\iCLS Client\;C:\Windows\system32;C:\Windows;C:\Windows\System32\Wbem;C:\Windows\System32\WindowsPowerShell\v1.0\;C:\Windows\System32\OpenSSH\;C:\Program Files (x86)\Intel\Intel(R) Management Engine Components\DAL;C:\Program Files\Intel\Intel(R) Management Engine Components\DAL;C:\Program Files (x86)\Intel\Intel(R) Management Engine Components\IPT;C:\Program Files\Intel\Intel(R) Management Engine Components\IPT;C:\Program Files\Java\jdk-22;C:\Program Files (x86)\Microsoft SQL Server\110\Tools\Binn\;C:\Program Files\Microsoft SQL Server\110\Tools\Binn\;C:\Program Files\Microsoft SQL Server\110\DTS\Binn\;C:\Program Files (x86)\Microsoft SQL Server\110\Tools\Binn\ManagementStudio\;C:\Program Files (x86)\Microsoft SQL Server\110\DTS\Binn\;D:\demo\;C:\Program Files\Git\cmd;C:\Program Files (x86)\Microsoft SQL Server\170\Tools\Binn\;C:\Program Files\Microsoft SQL Server\170\Tools\Binn\;C:\Program Files\Microsoft SQL Server\Client SDK\ODBC\180\Tools\Binn\;C:\Program Files\Microsoft SQL Server\170\DTS\Binn\;C:\Users\win10\AppData\Local\Programs\Python\Python310\Scripts\;C:\Users\win10\AppData\Local\Programs\Python\Python310\;C:\Users\win10\AppData\Local\Programs\Python\Python315\Scripts\;C:\Users\win10\AppData\Local\Programs\Python\Python315\;C:\Users\win10\AppData\Local\Programs\Python\Python313\Scripts\;C:\Users\win10\AppData\Local\Programs\Python\Python313\;C:\Users\win10\AppData\Local\Microsoft\WindowsApps;C:\Users\win10\AppData\Local\Programs\Microsoft VS Code\bin;C:\Users\win10\AppData\Roaming\npm
USERNAME=win10
OS=Windows_NT
PROCESSOR_IDENTIFIER=Intel64 Family 6 Model 142 Stepping 9, GenuineIntel
TMP=C:\Users\win10\AppData\Local\Temp
TEMP=C:\Users\win10\AppData\Local\Temp




Periodic native trim disabled

---------------  S Y S T E M  ---------------

OS:
 Windows 10 , 64 bit Build 19041 (10.0.19041.5915)
OS uptime: 0 days 2:07 hours

CPU: total 4 (initial active 4) (2 cores per cpu, 2 threads per core) family 6 model 142 stepping 9 microcode 0xb4, cx8, cmov, fxsr, ht, mmx, 3dnowpref, sse, sse2, sse3, ssse3, sse4.1, sse4.2, popcnt, lzcnt, tsc, tscinvbit, avx, avx2, aes, erms, clmul, bmi1, bmi2, adx, fma, vzeroupper, clflush, clflushopt, rdtscp, f16c
Processor Information for the first 4 processors :
  Max Mhz: 2712, Current Mhz: 2511, Mhz Limit: 2495

Memory: 4k page, system-wide physical 8075M (817M free)
TotalPageFile size 12853M (AvailPageFile size 9M)
current process WorkingSet (physical memory assigned to process): 434M, peak: 434M
current process commit charge ("private bytes"): 497M, peak: 497M

vm_info: OpenJDK 64-Bit Server VM (21.0.12.1+1-LTS) for windows-amd64 JRE (21.0.12.1+1-LTS), built on 2026-08-18T00:00:00Z by "admin" with MS VC++ 17.12 (VS2022)

END.
